fieldmesh_z103_linux_qspi_program_patterns_begin
hostname=z103-endpoint
uname=Linux z103-endpoint 6.1.0 #1 SMP PREEMPT Tue May 12 16:46:30 UTC 2026 armv7l GNU/Linux
proc_mtd_begin
dev:    size   erasesize  name
mtd0: 00100000 00010000 "qspi-fsbl-uboot"
mtd1: 00020000 00010000 "qspi-uboot-env"
mtd2: 000e0000 00010000 "qspi-nvmfs"
mtd3: 01e00000 00010000 "qspi-linux"
proc_mtd_end
mtd3_sysfs_begin
name=qspi-linux
size=31457280
erasesize=65536
flags=0xc00
mtd3_sysfs_end
spi_nor_params_begin
name		w25q256
id		ef 40 19
size		32.0 MiB
write size	1
page size	256
address nbytes	3
flags		HAS_16BIT_SR

opcodes
 read		0x6b
  dummy cycles	8
 erase		0xd8
 program	0x02
 8D extension	none

protocols
 read		1S-1S-4S
 write		1S-1S-1S
 register	1S-1S-1S

erase commands
 20 (4.00 KiB) [0]
 d8 (64.0 KiB) [1]
 c7 (32.0 MiB)

sector map
 region (in hex)   | erase mask | flags
 ------------------+------------+----------
 00000000-01ffffff |     [01  ] |
spi_nor_params_end
cmd_ready=0
Copied 65536 bytes from address 0x01b90000 in flash to /tmp/fieldmesh-z103-linux-qspi-patterns-82184.before.bin
od: invalid option -- 'A'
BusyBox v1.36.1 () multi-call binary.

Usage: od [-aBbcDdeFfHhIiLlOovXx] [FILE]
read_before_rc=0
before_all_ff=1
__FIELDMESH_PATTERN_ff_BEGIN__
Erased 65536 bytes from address 0x01b90000 in flash
Copied 4096 bytes from address 0x01b90000 in flash to /tmp/fieldmesh-z103-linux-qspi-patterns-82184.erased-ff.bin
Copied 4096 bytes from /tmp/fieldmesh-z103-linux-qspi-patterns-82184.pattern-ff.bin to address 0x01b90000 in flash
Copied 4096 bytes from address 0x01b90000 in flash to /tmp/fieldmesh-z103-linux-qspi-patterns-82184.after-ff.bin
Erased 65536 bytes from address 0x01b90000 in flash
Copied 4096 bytes from address 0x01b90000 in flash to /tmp/fieldmesh-z103-linux-qspi-patterns-82184.rollback-ff.bin
pattern=ff
erase_rc=0
read_erased_rc=0
erase_cmp_rc=0
write_rc=0
read_after_rc=0
write_cmp_rc=0
rollback_erase_rc=0
read_rollback_rc=0
rollback_cmp_rc=0
f47a8ec3e9aff2318d896942282ad4fe37d6391c82914f54a5da8a37de1300c6  /tmp/fieldmesh-z103-linux-qspi-patterns-82184.after-ff.bin
f47a8ec3e9aff2318d896942282ad4fe37d6391c82914f54a5da8a37de1300c6  /tmp/fieldmesh-z103-linux-qspi-patterns-82184.rollback-ff.bin
__FIELDMESH_PATTERN_ff_END__
__FIELDMESH_PATTERN_00_BEGIN__
Erased 65536 bytes from address 0x01b90000 in flash
Copied 4096 bytes from address 0x01b90000 in flash to /tmp/fieldmesh-z103-linux-qspi-patterns-82184.erased-00.bin
Copied 4096 bytes from /tmp/fieldmesh-z103-linux-qspi-patterns-82184.pattern-00.bin to address 0x01b90000 in flash
Copied 4096 bytes from address 0x01b90000 in flash to /tmp/fieldmesh-z103-linux-qspi-patterns-82184.after-00.bin
Erased 65536 bytes from address 0x01b90000 in flash
Copied 4096 bytes from address 0x01b90000 in flash to /tmp/fieldmesh-z103-linux-qspi-patterns-82184.rollback-00.bin
pattern=00
erase_rc=0
read_erased_rc=0
erase_cmp_rc=0
write_rc=0
read_after_rc=0
write_cmp_rc=0
rollback_erase_rc=0
read_rollback_rc=0
rollback_cmp_rc=0
ad7facb2586fc6e966c004d7d1d16b024f5805ff7cb47c7a85dabd8b48892ca7  /tmp/fieldmesh-z103-linux-qspi-patterns-82184.after-00.bin
f47a8ec3e9aff2318d896942282ad4fe37d6391c82914f54a5da8a37de1300c6  /tmp/fieldmesh-z103-linux-qspi-patterns-82184.rollback-00.bin
__FIELDMESH_PATTERN_00_END__
__FIELDMESH_PATTERN_44_BEGIN__
Erased 65536 bytes from address 0x01b90000 in flash
Copied 4096 bytes from address 0x01b90000 in flash to /tmp/fieldmesh-z103-linux-qspi-patterns-82184.erased-44.bin
Copied 4096 bytes from /tmp/fieldmesh-z103-linux-qspi-patterns-82184.pattern-44.bin to address 0x01b90000 in flash
Copied 4096 bytes from address 0x01b90000 in flash to /tmp/fieldmesh-z103-linux-qspi-patterns-82184.after-44.bin
Erased 65536 bytes from address 0x01b90000 in flash
Copied 4096 bytes from address 0x01b90000 in flash to /tmp/fieldmesh-z103-linux-qspi-patterns-82184.rollback-44.bin
pattern=44
erase_rc=0
read_erased_rc=0
erase_cmp_rc=0
write_rc=0
read_after_rc=0
write_cmp_rc=0
rollback_erase_rc=0
read_rollback_rc=0
rollback_cmp_rc=0
267e5d2bb42138bdf23ccb5fbdea09385169de4c686f7c12034ccd7bb0c6899d  /tmp/fieldmesh-z103-linux-qspi-patterns-82184.after-44.bin
f47a8ec3e9aff2318d896942282ad4fe37d6391c82914f54a5da8a37de1300c6  /tmp/fieldmesh-z103-linux-qspi-patterns-82184.rollback-44.bin
__FIELDMESH_PATTERN_44_END__
__FIELDMESH_PATTERN_bb_BEGIN__
Erased 65536 bytes from address 0x01b90000 in flash
Copied 4096 bytes from address 0x01b90000 in flash to /tmp/fieldmesh-z103-linux-qspi-patterns-82184.erased-bb.bin
Copied 4096 bytes from /tmp/fieldmesh-z103-linux-qspi-patterns-82184.pattern-bb.bin to address 0x01b90000 in flash
Copied 4096 bytes from address 0x01b90000 in flash to /tmp/fieldmesh-z103-linux-qspi-patterns-82184.after-bb.bin
Erased 65536 bytes from address 0x01b90000 in flash
Copied 4096 bytes from address 0x01b90000 in flash to /tmp/fieldmesh-z103-linux-qspi-patterns-82184.rollback-bb.bin
pattern=bb
erase_rc=0
read_erased_rc=0
erase_cmp_rc=0
write_rc=0
read_after_rc=0
write_cmp_rc=0
rollback_erase_rc=0
read_rollback_rc=0
rollback_cmp_rc=0
15e4f1aac8507317040181a8e042bd52fa7fe29e0cf390775cd4e43d01fc5c4b  /tmp/fieldmesh-z103-linux-qspi-patterns-82184.after-bb.bin
f47a8ec3e9aff2318d896942282ad4fe37d6391c82914f54a5da8a37de1300c6  /tmp/fieldmesh-z103-linux-qspi-patterns-82184.rollback-bb.bin
__FIELDMESH_PATTERN_bb_END__
__FIELDMESH_PATTERN_55_BEGIN__
Erased 65536 bytes from address 0x01b90000 in flash
Copied 4096 bytes from address 0x01b90000 in flash to /tmp/fieldmesh-z103-linux-qspi-patterns-82184.erased-55.bin
Copied 4096 bytes from /tmp/fieldmesh-z103-linux-qspi-patterns-82184.pattern-55.bin to address 0x01b90000 in flash
Copied 4096 bytes from address 0x01b90000 in flash to /tmp/fieldmesh-z103-linux-qspi-patterns-82184.after-55.bin
Erased 65536 bytes from address 0x01b90000 in flash
Copied 4096 bytes from address 0x01b90000 in flash to /tmp/fieldmesh-z103-linux-qspi-patterns-82184.rollback-55.bin
pattern=55
erase_rc=0
read_erased_rc=0
erase_cmp_rc=0
write_rc=0
read_after_rc=0
write_cmp_rc=0
rollback_erase_rc=0
read_rollback_rc=0
rollback_cmp_rc=0
0561079e4fe3390bc1d8bb706edb7d80243eeca7ddf876cefbaa8c1684db80c3  /tmp/fieldmesh-z103-linux-qspi-patterns-82184.after-55.bin
f47a8ec3e9aff2318d896942282ad4fe37d6391c82914f54a5da8a37de1300c6  /tmp/fieldmesh-z103-linux-qspi-patterns-82184.rollback-55.bin
__FIELDMESH_PATTERN_55_END__
__FIELDMESH_PATTERN_aa_BEGIN__
Erased 65536 bytes from address 0x01b90000 in flash
Copied 4096 bytes from address 0x01b90000 in flash to /tmp/fieldmesh-z103-linux-qspi-patterns-82184.erased-aa.bin
Copied 4096 bytes from /tmp/fieldmesh-z103-linux-qspi-patterns-82184.pattern-aa.bin to address 0x01b90000 in flash
Copied 4096 bytes from address 0x01b90000 in flash to /tmp/fieldmesh-z103-linux-qspi-patterns-82184.after-aa.bin
Erased 65536 bytes from address 0x01b90000 in flash
Copied 4096 bytes from address 0x01b90000 in flash to /tmp/fieldmesh-z103-linux-qspi-patterns-82184.rollback-aa.bin
pattern=aa
erase_rc=0
read_erased_rc=0
erase_cmp_rc=0
write_rc=0
read_after_rc=0
write_cmp_rc=0
rollback_erase_rc=0
read_rollback_rc=0
rollback_cmp_rc=0
c622005493c4cb75f3e08eda4cc0bfe172e2c5eeca661ec4908c5490fc3d6994  /tmp/fieldmesh-z103-linux-qspi-patterns-82184.after-aa.bin
f47a8ec3e9aff2318d896942282ad4fe37d6391c82914f54a5da8a37de1300c6  /tmp/fieldmesh-z103-linux-qspi-patterns-82184.rollback-aa.bin
__FIELDMESH_PATTERN_aa_END__
__FIELDMESH_PATTERN_11_BEGIN__
Erased 65536 bytes from address 0x01b90000 in flash
Copied 4096 bytes from address 0x01b90000 in flash to /tmp/fieldmesh-z103-linux-qspi-patterns-82184.erased-11.bin
Copied 4096 bytes from /tmp/fieldmesh-z103-linux-qspi-patterns-82184.pattern-11.bin to address 0x01b90000 in flash
Copied 4096 bytes from address 0x01b90000 in flash to /tmp/fieldmesh-z103-linux-qspi-patterns-82184.after-11.bin
Erased 65536 bytes from address 0x01b90000 in flash
Copied 4096 bytes from address 0x01b90000 in flash to /tmp/fieldmesh-z103-linux-qspi-patterns-82184.rollback-11.bin
pattern=11
erase_rc=0
read_erased_rc=0
erase_cmp_rc=0
write_rc=0
read_after_rc=0
write_cmp_rc=0
rollback_erase_rc=0
read_rollback_rc=0
rollback_cmp_rc=0
c663cfac30430ae0063ef566967a3309489f9a0b6f74b6feefd93f163a593bc4  /tmp/fieldmesh-z103-linux-qspi-patterns-82184.after-11.bin
f47a8ec3e9aff2318d896942282ad4fe37d6391c82914f54a5da8a37de1300c6  /tmp/fieldmesh-z103-linux-qspi-patterns-82184.rollback-11.bin
__FIELDMESH_PATTERN_11_END__
__FIELDMESH_PATTERN_22_BEGIN__
Erased 65536 bytes from address 0x01b90000 in flash
Copied 4096 bytes from address 0x01b90000 in flash to /tmp/fieldmesh-z103-linux-qspi-patterns-82184.erased-22.bin
Copied 4096 bytes from /tmp/fieldmesh-z103-linux-qspi-patterns-82184.pattern-22.bin to address 0x01b90000 in flash
Copied 4096 bytes from address 0x01b90000 in flash to /tmp/fieldmesh-z103-linux-qspi-patterns-82184.after-22.bin
Erased 65536 bytes from address 0x01b90000 in flash
Copied 4096 bytes from address 0x01b90000 in flash to /tmp/fieldmesh-z103-linux-qspi-patterns-82184.rollback-22.bin
pattern=22
erase_rc=0
read_erased_rc=0
erase_cmp_rc=0
write_rc=0
read_after_rc=0
write_cmp_rc=0
rollback_erase_rc=0
read_rollback_rc=0
rollback_cmp_rc=0
c1f4f9b7b95fd45ff6b7fbc2b094fddd0530f423ee84176527e15ce898aa40f0  /tmp/fieldmesh-z103-linux-qspi-patterns-82184.after-22.bin
f47a8ec3e9aff2318d896942282ad4fe37d6391c82914f54a5da8a37de1300c6  /tmp/fieldmesh-z103-linux-qspi-patterns-82184.rollback-22.bin
__FIELDMESH_PATTERN_22_END__
__FIELDMESH_PATTERN_88_BEGIN__
Erased 65536 bytes from address 0x01b90000 in flash
Copied 4096 bytes from address 0x01b90000 in flash to /tmp/fieldmesh-z103-linux-qspi-patterns-82184.erased-88.bin
Copied 4096 bytes from /tmp/fieldmesh-z103-linux-qspi-patterns-82184.pattern-88.bin to address 0x01b90000 in flash
Copied 4096 bytes from address 0x01b90000 in flash to /tmp/fieldmesh-z103-linux-qspi-patterns-82184.after-88.bin
Erased 65536 bytes from address 0x01b90000 in flash
Copied 4096 bytes from address 0x01b90000 in flash to /tmp/fieldmesh-z103-linux-qspi-patterns-82184.rollback-88.bin
pattern=88
erase_rc=0
read_erased_rc=0
erase_cmp_rc=0
write_rc=0
read_after_rc=0
write_cmp_rc=0
rollback_erase_rc=0
read_rollback_rc=0
rollback_cmp_rc=0
f14755dab71de1a22749d7da3a078964d1d65b106604a3f1c38d0eeee868f176  /tmp/fieldmesh-z103-linux-qspi-patterns-82184.after-88.bin
f47a8ec3e9aff2318d896942282ad4fe37d6391c82914f54a5da8a37de1300c6  /tmp/fieldmesh-z103-linux-qspi-patterns-82184.rollback-88.bin
__FIELDMESH_PATTERN_88_END__
__FIELDMESH_PATTERN_7b_BEGIN__
Erased 65536 bytes from address 0x01b90000 in flash
Copied 4096 bytes from address 0x01b90000 in flash to /tmp/fieldmesh-z103-linux-qspi-patterns-82184.erased-7b.bin
Copied 4096 bytes from /tmp/fieldmesh-z103-linux-qspi-patterns-82184.pattern-7b.bin to address 0x01b90000 in flash
Copied 4096 bytes from address 0x01b90000 in flash to /tmp/fieldmesh-z103-linux-qspi-patterns-82184.after-7b.bin
Erased 65536 bytes from address 0x01b90000 in flash
Copied 4096 bytes from address 0x01b90000 in flash to /tmp/fieldmesh-z103-linux-qspi-patterns-82184.rollback-7b.bin
pattern=7b
erase_rc=0
read_erased_rc=0
erase_cmp_rc=0
write_rc=0
read_after_rc=0
write_cmp_rc=0
rollback_erase_rc=0
read_rollback_rc=0
rollback_cmp_rc=0
a7a876e658d65d0c28fa2d775c0d2f3836621e149178fbbc55f879e65188baf3  /tmp/fieldmesh-z103-linux-qspi-patterns-82184.after-7b.bin
f47a8ec3e9aff2318d896942282ad4fe37d6391c82914f54a5da8a37de1300c6  /tmp/fieldmesh-z103-linux-qspi-patterns-82184.rollback-7b.bin
__FIELDMESH_PATTERN_7b_END__
fieldmesh_z103_linux_qspi_program_patterns_end
